[INFO] Error stacktraces are turned on.
[INFO] Scanning for projects...
[INFO] 
[INFO] -------------------< com.complaint:complaint-system >-------------------
[INFO] Building complaint-system 0.0.1-SNAPSHOT
[INFO]   from pom.xml
[INFO] --------------------------------[ jar ]---------------------------------
[INFO] 
[INFO] >>> spring-boot:3.2.3:run (default-cli) > test-compile @ complaint-system >>>
[INFO] 
[INFO] --- resources:3.3.1:resources (default-resources) @ complaint-system ---
[INFO] Copying 1 resource from src\main\resources to target\classes
[INFO] Copying 0 resource from src\main\resources to target\classes
[INFO] 
[INFO] --- compiler:3.11.0:compile (default-compile) @ complaint-system ---
[INFO] Nothing to compile - all classes are up to date
[INFO] 
[INFO] --- resources:3.3.1:testResources (default-testResources) @ complaint-system ---
[INFO] skip non existing resourceDirectory C:\Users\vamsh\OneDrive\Desktop\complaint\backend\src\test\resources
[INFO] 
[INFO] --- compiler:3.11.0:testCompile (default-testCompile) @ complaint-system ---
[INFO] Nothing to compile - all classes are up to date
[INFO] 
[INFO] <<< spring-boot:3.2.3:run (default-cli) < test-compile @ complaint-system <<<
[INFO] 
[INFO] 
[INFO] --- spring-boot:3.2.3:run (default-cli) @ complaint-system ---
[INFO] Attaching agents: []

  .   ____          _            __ _ _
 /\\ / ___'_ __ _ _(_)_ __  __ _ \ \ \ \
( ( )\___ | '_ | '_| | '_ \/ _` | \ \ \ \
 \\/  ___)| |_)| | | | | || (_| |  ) ) ) )
  '  |____| .__|_| |_|_| |_\__, | / / / /
 =========|_|==============|___/=/_/_/_/
 :: Spring Boot ::                (v3.2.3)

2026-04-02T01:31:25.028+05:30  INFO 19172 --- [           main] c.c.system.ComplaintSystemApplication    : Starting ComplaintSystemApplication using Java 25.0.1 with PID 19172 (C:\Users\vamsh\OneDrive\Desktop\complaint\backend\target\classes started by vamsh in C:\Users\vamsh\OneDrive\Desktop\complaint\backend)
2026-04-02T01:31:25.029+05:30  INFO 19172 --- [           main] c.c.system.ComplaintSystemApplication    : No active profile set, falling back to 1 default profile: "default"
2026-04-02T01:31:25.912+05:30  INFO 19172 --- [           main] .s.d.r.c.RepositoryConfigurationDelegate : Bootstrapping Spring Data JPA repositories in DEFAULT mode.
2026-04-02T01:31:25.974+05:30  INFO 19172 --- [           main] .s.d.r.c.RepositoryConfigurationDelegate : Finished Spring Data repository scanning in 55 ms. Found 3 JPA repository interfaces.
WARNING: A restricted method in java.lang.System has been called
WARNING: java.lang.System::load has been called by org.apache.tomcat.jni.Library in an unnamed module (file:/C:/Users/vamsh/.m2/repository/org/apache/tomcat/embed/tomcat-embed-core/10.1.19/tomcat-embed-core-10.1.19.jar)
WARNING: Use --enable-native-access=ALL-UNNAMED to avoid a warning for callers in this module
WARNING: Restricted methods will be blocked in a future release unless native access is enabled

2026-04-02T01:31:26.686+05:30  INFO 19172 --- [           main] o.s.b.w.embedded.tomcat.TomcatWebServer  : Tomcat initialized with port 8081 (http)
2026-04-02T01:31:26.699+05:30  INFO 19172 --- [           main] o.apache.catalina.core.StandardService   : Starting service [Tomcat]
2026-04-02T01:31:26.699+05:30  INFO 19172 --- [           main] o.apache.catalina.core.StandardEngine    : Starting Servlet engine: [Apache Tomcat/10.1.19]
2026-04-02T01:31:26.757+05:30  INFO 19172 --- [           main] o.a.c.c.C.[Tomcat].[localhost].[/]       : Initializing Spring embedded WebApplicationContext
2026-04-02T01:31:26.758+05:30  INFO 19172 --- [           main] w.s.c.ServletWebServerApplicationContext : Root WebApplicationContext: initialization completed in 1619 ms
2026-04-02T01:31:26.793+05:30  INFO 19172 --- [           main] com.zaxxer.hikari.HikariDataSource       : HikariPool-1 - Starting...
2026-04-02T01:31:26.987+05:30  INFO 19172 --- [           main] com.zaxxer.hikari.pool.HikariPool        : HikariPool-1 - Added connection conn0: url=jdbc:h2:mem:complaintdb user=SA
2026-04-02T01:31:26.988+05:30  INFO 19172 --- [           main] com.zaxxer.hikari.HikariDataSource       : HikariPool-1 - Start completed.
2026-04-02T01:31:26.998+05:30  INFO 19172 --- [           main] o.s.b.a.h2.H2ConsoleAutoConfiguration    : H2 console available at '/h2-console'. Database available at 'jdbc:h2:mem:complaintdb'
2026-04-02T01:31:27.137+05:30  INFO 19172 --- [           main] o.hibernate.jpa.internal.util.LogHelper  : HHH000204: Processing PersistenceUnitInfo [name: default]
2026-04-02T01:31:27.181+05:30  INFO 19172 --- [           main] org.hibernate.Version                    : HHH000412: Hibernate ORM core version 6.4.4.Final
2026-04-02T01:31:27.211+05:30  INFO 19172 --- [           main] o.h.c.internal.RegionFactoryInitiator    : HHH000026: Second-level cache disabled
2026-04-02T01:31:27.443+05:30  INFO 19172 --- [           main] o.s.o.j.p.SpringPersistenceUnitInfo      : No LoadTimeWeaver setup: ignoring JPA class transformer
2026-04-02T01:31:27.483+05:30  WARN 19172 --- [           main] org.hibernate.orm.deprecation            : HHH90000025: H2Dialect does not need to be specified explicitly using 'hibernate.dialect' (remove the property setting and it will be selected by default)
2026-04-02T01:31:28.646+05:30  INFO 19172 --- [           main] o.h.e.t.j.p.i.JtaPlatformInitiator       : HHH000489: No JTA platform available (set 'hibernate.transaction.jta.platform' to enable JTA platform integration)
Hibernate: 
    drop table if exists complaint_events cascade 
Hibernate: 
    drop table if exists complaints cascade 
Hibernate: 
    drop table if exists users cascade 
Hibernate: 
    create table complaint_events (
        complaint_id bigint,
        id bigint generated by default as identity,
        timestamp timestamp(6),
        message varchar(255),
        status varchar(255),
        primary key (id)
    )
Hibernate: 
    create table complaints (
        integrity_score integer,
        is_dispatched boolean,
        is_emergency boolean,
        is_system_alert boolean,
        is_viral_risk boolean,
        isaiverified boolean,
        municipal_value integer,
        priority_score integer,
        rating integer,
        support_count integer,
        created_at timestamp(6),
        id bigint generated by default as identity,
        updated_at timestamp(6),
        user_id bigint,
        ai_reasoning varchar(500),
        feedback varchar(1000),
        complaint_text varchar(2000),
        translated_text varchar(2000),
        category varchar(255),
        city_zone varchar(255),
        department varchar(255),
        detected_language varchar(255),
        email varchar(255),
        external_vendor varchar(255),
        location varchar(255),
        mobile_number varchar(255),
        name varchar(255),
        status varchar(255),
        image_data blob,
        primary key (id)
    )
Hibernate: 
    create table users (
        id bigint generated by default as identity,
        email varchar(255) unique,
        mobile_number varchar(255),
        name varchar(255),
        password varchar(255),
        primary key (id)
    )
2026-04-02T01:31:28.695+05:30  INFO 19172 --- [           main] j.LocalContainerEntityManagerFactoryBean : Initialized JPA EntityManagerFactory for persistence unit 'default'
2026-04-02T01:31:29.212+05:30  INFO 19172 --- [           main] com.complaint.system.service.AiService   : >> AI Service initialized with provider: none
2026-04-02T01:31:29.265+05:30  WARN 19172 --- [           main] JpaBaseConfiguration$JpaWebConfiguration : spring.jpa.open-in-view is enabled by default. Therefore, database queries may be performed during view rendering. Explicitly configure spring.jpa.open-in-view to disable this warning
2026-04-02T01:31:29.659+05:30  INFO 19172 --- [           main] o.s.b.w.embedded.tomcat.TomcatWebServer  : Tomcat started on port 8081 (http) with context path ''
2026-04-02T01:31:29.669+05:30  INFO 19172 --- [           main] c.c.system.ComplaintSystemApplication    : Started ComplaintSystemApplication in 5.137 seconds (process running for 5.805)
Hibernate: 
    select
        count(*) 
    from
        users u1_0
? Initializing Sample Data...
Hibernate: 
    insert 
    into
        users
        (email, mobile_number, name, password, id) 
    values
        (?, ?, ?, ?, default)
Hibernate: 
    insert 
    into
        complaints
        (ai_reasoning, category, city_zone, complaint_text, created_at, department, detected_language, email, external_vendor, feedback, image_data, integrity_score, isaiverified, is_dispatched, is_emergency, is_system_alert, is_viral_risk, location, mobile_number, municipal_value, name, priority_score, rating, status, support_count, translated_text, updated_at, user_id, id) 
    values
        (?, ?, ?, ?, ?, ?, ?, ?, ?, ?, ?, ?, ?, ?, ?, ?, ?, ?, ?, ?, ?, ?, ?, ?, ?, ?, ?, ?, default)
Hibernate: 
    insert 
    into
        complaints
        (ai_reasoning, category, city_zone, complaint_text, created_at, department, detected_language, email, external_vendor, feedback, image_data, integrity_score, isaiverified, is_dispatched, is_emergency, is_system_alert, is_viral_risk, location, mobile_number, municipal_value, name, priority_score, rating, status, support_count, translated_text, updated_at, user_id, id) 
    values
        (?, ?, ?, ?, ?, ?, ?, ?, ?, ?, ?, ?, ?, ?, ?, ?, ?, ?, ?, ?, ?, ?, ?, ?, ?, ?, ?, ?, default)
Hibernate: 
    insert 
    into
        complaints
        (ai_reasoning, category, city_zone, complaint_text, created_at, department, detected_language, email, external_vendor, feedback, image_data, integrity_score, isaiverified, is_dispatched, is_emergency, is_system_alert, is_viral_risk, location, mobile_number, municipal_value, name, priority_score, rating, status, support_count, translated_text, updated_at, user_id, id) 
    values
        (?, ?, ?, ?, ?, ?, ?, ?, ?, ?, ?, ?, ?, ?, ?, ?, ?, ?, ?, ?, ?, ?, ?, ?, ?, ?, ?, ?, default)
Hibernate: 
    insert 
    into
        complaint_events
        (complaint_id, message, status, timestamp, id) 
    values
        (?, ?, ?, ?, default)
Hibernate: 
    insert 
    into
        complaints
        (ai_reasoning, category, city_zone, complaint_text, created_at, department, detected_language, email, external_vendor, feedback, image_data, integrity_score, isaiverified, is_dispatched, is_emergency, is_system_alert, is_viral_risk, location, mobile_number, municipal_value, name, priority_score, rating, status, support_count, translated_text, updated_at, user_id, id) 
    values
        (?, ?, ?, ?, ?, ?, ?, ?, ?, ?, ?, ?, ?, ?, ?, ?, ?, ?, ?, ?, ?, ?, ?, ?, ?, ?, ?, ?, default)
Hibernate: 
    insert 
    into
        complaint_events
        (complaint_id, message, status, timestamp, id) 
    values
        (?, ?, ?, ?, default)
Hibernate: 
    insert 
    into
        complaint_events
        (complaint_id, message, status, timestamp, id) 
    values
        (?, ?, ?, ?, default)
Hibernate: 
    insert 
    into
        complaint_events
        (complaint_id, message, status, timestamp, id) 
    values
        (?, ?, ?, ?, default)
Hibernate: 
    insert 
    into
        complaints
        (ai_reasoning, category, city_zone, complaint_text, created_at, department, detected_language, email, external_vendor, feedback, image_data, integrity_score, isaiverified, is_dispatched, is_emergency, is_system_alert, is_viral_risk, location, mobile_number, municipal_value, name, priority_score, rating, status, support_count, translated_text, updated_at, user_id, id) 
    values
        (?, ?, ?, ?, ?, ?, ?, ?, ?, ?, ?, ?, ?, ?, ?, ?, ?, ?, ?, ?, ?, ?, ?, ?, ?, ?, ?, ?, default)
Hibernate: 
    insert 
    into
        complaint_events
        (complaint_id, message, status, timestamp, id) 
    values
        (?, ?, ?, ?, default)
Hibernate: 
    insert 
    into
        complaint_events
        (complaint_id, message, status, timestamp, id) 
    values
        (?, ?, ?, ?, default)
>> Sample Data with Timeline Events initialized!
2026-04-02T01:31:54.554+05:30  INFO 19172 --- [0.0-8081-exec-1] o.a.c.c.C.[Tomcat].[localhost].[/]       : Initializing Spring DispatcherServlet 'dispatcherServlet'
2026-04-02T01:31:54.554+05:30  INFO 19172 --- [0.0-8081-exec-1] o.s.web.servlet.DispatcherServlet        : Initializing Servlet 'dispatcherServlet'
2026-04-02T01:31:54.555+05:30  INFO 19172 --- [0.0-8081-exec-1] o.s.web.servlet.DispatcherServlet        : Completed initialization in 1 ms
Hibernate: 
    select
        c1_0.id,
        c1_0.ai_reasoning,
        c1_0.category,
        c1_0.city_zone,
        c1_0.complaint_text,
        c1_0.created_at,
        c1_0.department,
        c1_0.detected_language,
        c1_0.email,
        c1_0.external_vendor,
        c1_0.feedback,
        c1_0.image_data,
        c1_0.integrity_score,
        c1_0.isaiverified,
        c1_0.is_dispatched,
        c1_0.is_emergency,
        c1_0.is_system_alert,
        c1_0.is_viral_risk,
        c1_0.location,
        c1_0.mobile_number,
        c1_0.municipal_value,
        c1_0.name,
        c1_0.priority_score,
        c1_0.rating,
        c1_0.status,
        c1_0.support_count,
        c1_0.translated_text,
        c1_0.updated_at,
        c1_0.user_id 
    from
        complaints c1_0 
    where
        c1_0.email=?
Hibernate: 
    select
        c1_0.id,
        c1_0.ai_reasoning,
        c1_0.category,
        c1_0.city_zone,
        c1_0.complaint_text,
        c1_0.created_at,
        c1_0.department,
        c1_0.detected_language,
        c1_0.email,
        c1_0.external_vendor,
        c1_0.feedback,
        c1_0.image_data,
        c1_0.integrity_score,
        c1_0.isaiverified,
        c1_0.is_dispatched,
        c1_0.is_emergency,
        c1_0.is_system_alert,
        c1_0.is_viral_risk,
        c1_0.location,
        c1_0.mobile_number,
        c1_0.municipal_value,
        c1_0.name,
        c1_0.priority_score,
        c1_0.rating,
        c1_0.status,
        c1_0.support_count,
        c1_0.translated_text,
        c1_0.updated_at,
        c1_0.user_id 
    from
        complaints c1_0 
    where
        c1_0.email=?
Hibernate: 
    select
        c1_0.id,
        c1_0.ai_reasoning,
        c1_0.category,
        c1_0.city_zone,
        c1_0.complaint_text,
        c1_0.created_at,
        c1_0.department,
        c1_0.detected_language,
        c1_0.email,
        c1_0.external_vendor,
        c1_0.feedback,
        c1_0.image_data,
        c1_0.integrity_score,
        c1_0.isaiverified,
        c1_0.is_dispatched,
        c1_0.is_emergency,
        c1_0.is_system_alert,
        c1_0.is_viral_risk,
        c1_0.location,
        c1_0.mobile_number,
        c1_0.municipal_value,
        c1_0.name,
        c1_0.priority_score,
        c1_0.rating,
        c1_0.status,
        c1_0.support_count,
        c1_0.translated_text,
        c1_0.updated_at,
        c1_0.user_id 
    from
        complaints c1_0 
    where
        c1_0.email=?
Hibernate: 
    select
        c1_0.id,
        c1_0.ai_reasoning,
        c1_0.category,
        c1_0.city_zone,
        c1_0.complaint_text,
        c1_0.created_at,
        c1_0.department,
        c1_0.detected_language,
        c1_0.email,
        c1_0.external_vendor,
        c1_0.feedback,
        c1_0.image_data,
        c1_0.integrity_score,
        c1_0.isaiverified,
        c1_0.is_dispatched,
        c1_0.is_emergency,
        c1_0.is_system_alert,
        c1_0.is_viral_risk,
        c1_0.location,
        c1_0.mobile_number,
        c1_0.municipal_value,
        c1_0.name,
        c1_0.priority_score,
        c1_0.rating,
        c1_0.status,
        c1_0.support_count,
        c1_0.translated_text,
        c1_0.updated_at,
        c1_0.user_id 
    from
        complaints c1_0 
    where
        c1_0.email=?
Hibernate: 
    select
        c1_0.id,
        c1_0.ai_reasoning,
        c1_0.category,
        c1_0.city_zone,
        c1_0.complaint_text,
        c1_0.created_at,
        c1_0.department,
        c1_0.detected_language,
        c1_0.email,
        c1_0.external_vendor,
        c1_0.feedback,
        c1_0.image_data,
        c1_0.integrity_score,
        c1_0.isaiverified,
        c1_0.is_dispatched,
        c1_0.is_emergency,
        c1_0.is_system_alert,
        c1_0.is_viral_risk,
        c1_0.location,
        c1_0.mobile_number,
        c1_0.municipal_value,
        c1_0.name,
        c1_0.priority_score,
        c1_0.rating,
        c1_0.status,
        c1_0.support_count,
        c1_0.translated_text,
        c1_0.updated_at,
        c1_0.user_id 
    from
        complaints c1_0
Hibernate: 
    select
        c1_0.id,
        c1_0.ai_reasoning,
        c1_0.category,
        c1_0.city_zone,
        c1_0.complaint_text,
        c1_0.created_at,
        c1_0.department,
        c1_0.detected_language,
        c1_0.email,
        c1_0.external_vendor,
        c1_0.feedback,
        c1_0.image_data,
        c1_0.integrity_score,
        c1_0.isaiverified,
        c1_0.is_dispatched,
        c1_0.is_emergency,
        c1_0.is_system_alert,
        c1_0.is_viral_risk,
        c1_0.location,
        c1_0.mobile_number,
        c1_0.municipal_value,
        c1_0.name,
        c1_0.priority_score,
        c1_0.rating,
        c1_0.status,
        c1_0.support_count,
        c1_0.translated_text,
        c1_0.updated_at,
        c1_0.user_id 
    from
        complaints c1_0
Hibernate: 
    select
        c1_0.id,
        c1_0.ai_reasoning,
        c1_0.category,
        c1_0.city_zone,
        c1_0.complaint_text,
        c1_0.created_at,
        c1_0.department,
        c1_0.detected_language,
        c1_0.email,
        c1_0.external_vendor,
        c1_0.feedback,
        c1_0.image_data,
        c1_0.integrity_score,
        c1_0.isaiverified,
        c1_0.is_dispatched,
        c1_0.is_emergency,
        c1_0.is_system_alert,
        c1_0.is_viral_risk,
        c1_0.location,
        c1_0.mobile_number,
        c1_0.municipal_value,
        c1_0.name,
        c1_0.priority_score,
        c1_0.rating,
        c1_0.status,
        c1_0.support_count,
        c1_0.translated_text,
        c1_0.updated_at,
        c1_0.user_id 
    from
        complaints c1_0
Hibernate: 
    select
        c1_0.id,
        c1_0.ai_reasoning,
        c1_0.category,
        c1_0.city_zone,
        c1_0.complaint_text,
        c1_0.created_at,
        c1_0.department,
        c1_0.detected_language,
        c1_0.email,
        c1_0.external_vendor,
        c1_0.feedback,
        c1_0.image_data,
        c1_0.integrity_score,
        c1_0.isaiverified,
        c1_0.is_dispatched,
        c1_0.is_emergency,
        c1_0.is_system_alert,
        c1_0.is_viral_risk,
        c1_0.location,
        c1_0.mobile_number,
        c1_0.municipal_value,
        c1_0.name,
        c1_0.priority_score,
        c1_0.rating,
        c1_0.status,
        c1_0.support_count,
        c1_0.translated_text,
        c1_0.updated_at,
        c1_0.user_id 
    from
        complaints c1_0
Hibernate: 
    select
        c1_0.id,
        c1_0.ai_reasoning,
        c1_0.category,
        c1_0.city_zone,
        c1_0.complaint_text,
        c1_0.created_at,
        c1_0.department,
        c1_0.detected_language,
        c1_0.email,
        c1_0.external_vendor,
        c1_0.feedback,
        c1_0.image_data,
        c1_0.integrity_score,
        c1_0.isaiverified,
        c1_0.is_dispatched,
        c1_0.is_emergency,
        c1_0.is_system_alert,
        c1_0.is_viral_risk,
        c1_0.location,
        c1_0.mobile_number,
        c1_0.municipal_value,
        c1_0.name,
        c1_0.priority_score,
        c1_0.rating,
        c1_0.status,
        c1_0.support_count,
        c1_0.translated_text,
        c1_0.updated_at,
        c1_0.user_id 
    from
        complaints c1_0
Hibernate: 
    select
        h1_0.complaint_id,
        h1_0.id,
        h1_0.message,
        h1_0.status,
        h1_0.timestamp 
    from
        complaint_events h1_0 
    where
        h1_0.complaint_id=? 
    order by
        h1_0.timestamp
Hibernate: 
    select
        h1_0.complaint_id,
        h1_0.id,
        h1_0.message,
        h1_0.status,
        h1_0.timestamp 
    from
        complaint_events h1_0 
    where
        h1_0.complaint_id=? 
    order by
        h1_0.timestamp
Hibernate: 
    select
        h1_0.complaint_id,
        h1_0.id,
        h1_0.message,
        h1_0.status,
        h1_0.timestamp 
    from
        complaint_events h1_0 
    where
        h1_0.complaint_id=? 
    order by
        h1_0.timestamp
Hibernate: 
    select
        h1_0.complaint_id,
        h1_0.id,
        h1_0.message,
        h1_0.status,
        h1_0.timestamp 
    from
        complaint_events h1_0 
    where
        h1_0.complaint_id=? 
    order by
        h1_0.timestamp
Hibernate: 
    select
        h1_0.complaint_id,
        h1_0.id,
        h1_0.message,
        h1_0.status,
        h1_0.timestamp 
    from
        complaint_events h1_0 
    where
        h1_0.complaint_id=? 
    order by
        h1_0.timestamp
Hibernate: 
    select
        c1_0.id,
        c1_0.ai_reasoning,
        c1_0.category,
        c1_0.city_zone,
        c1_0.complaint_text,
        c1_0.created_at,
        c1_0.department,
        c1_0.detected_language,
        c1_0.email,
        c1_0.external_vendor,
        c1_0.feedback,
        c1_0.image_data,
        c1_0.integrity_score,
        c1_0.isaiverified,
        c1_0.is_dispatched,
        c1_0.is_emergency,
        c1_0.is_system_alert,
        c1_0.is_viral_risk,
        c1_0.location,
        c1_0.mobile_number,
        c1_0.municipal_value,
        c1_0.name,
        c1_0.priority_score,
        c1_0.rating,
        c1_0.status,
        c1_0.support_count,
        c1_0.translated_text,
        c1_0.updated_at,
        c1_0.user_id 
    from
        complaints c1_0
Hibernate: 
    select
        c1_0.id,
        c1_0.ai_reasoning,
        c1_0.category,
        c1_0.city_zone,
        c1_0.complaint_text,
        c1_0.created_at,
        c1_0.department,
        c1_0.detected_language,
        c1_0.email,
        c1_0.external_vendor,
        c1_0.feedback,
        c1_0.image_data,
        c1_0.integrity_score,
        c1_0.isaiverified,
        c1_0.is_dispatched,
        c1_0.is_emergency,
        c1_0.is_system_alert,
        c1_0.is_viral_risk,
        c1_0.location,
        c1_0.mobile_number,
        c1_0.municipal_value,
        c1_0.name,
        c1_0.priority_score,
        c1_0.rating,
        c1_0.status,
        c1_0.support_count,
        c1_0.translated_text,
        c1_0.updated_at,
        c1_0.user_id 
    from
        complaints c1_0
2026-04-02T01:32:31.655+05:30  WARN 19172 --- [0.0-8081-exec-3] com.complaint.system.service.AiService   : Hugging Face API HTTP 403 FORBIDDEN Error: This authentication method does not have sufficient permissions to call Inference Providers on behalf of user vamshika123
Hibernate: 
    select
        c1_0.id,
        c1_0.ai_reasoning,
        c1_0.category,
        c1_0.city_zone,
        c1_0.complaint_text,
        c1_0.created_at,
        c1_0.department,
        c1_0.detected_language,
        c1_0.email,
        c1_0.external_vendor,
        c1_0.feedback,
        c1_0.image_data,
        c1_0.integrity_score,
        c1_0.isaiverified,
        c1_0.is_dispatched,
        c1_0.is_emergency,
        c1_0.is_system_alert,
        c1_0.is_viral_risk,
        c1_0.location,
        c1_0.mobile_number,
        c1_0.municipal_value,
        c1_0.name,
        c1_0.priority_score,
        c1_0.rating,
        c1_0.status,
        c1_0.support_count,
        c1_0.translated_text,
        c1_0.updated_at,
        c1_0.user_id 
    from
        complaints c1_0 
    where
        c1_0.status=?
Hibernate: 
    select
        c1_0.id,
        c1_0.ai_reasoning,
        c1_0.category,
        c1_0.city_zone,
        c1_0.complaint_text,
        c1_0.created_at,
        c1_0.department,
        c1_0.detected_language,
        c1_0.email,
        c1_0.external_vendor,
        c1_0.feedback,
        c1_0.image_data,
        c1_0.integrity_score,
        c1_0.isaiverified,
        c1_0.is_dispatched,
        c1_0.is_emergency,
        c1_0.is_system_alert,
        c1_0.is_viral_risk,
        c1_0.location,
        c1_0.mobile_number,
        c1_0.municipal_value,
        c1_0.name,
        c1_0.priority_score,
        c1_0.rating,
        c1_0.status,
        c1_0.support_count,
        c1_0.translated_text,
        c1_0.updated_at,
        c1_0.user_id 
    from
        complaints c1_0 
    where
        c1_0.id=?
2026-04-02T01:32:39.620+05:30  WARN 19172 --- [.0-8081-exec-10] com.complaint.system.service.AiService   : Hugging Face API HTTP 403 FORBIDDEN Error: This authentication method does not have sufficient permissions to call Inference Providers on behalf of user vamshika123
Hibernate: 
    insert 
    into
        complaints
        (ai_reasoning, category, city_zone, complaint_text, created_at, department, detected_language, email, external_vendor, feedback, image_data, integrity_score, isaiverified, is_dispatched, is_emergency, is_system_alert, is_viral_risk, location, mobile_number, municipal_value, name, priority_score, rating, status, support_count, translated_text, updated_at, user_id, id) 
    values
        (?, ?, ?, ?, ?, ?, ?, ?, ?, ?, ?, ?, ?, ?, ?, ?, ?, ?, ?, ?, ?, ?, ?, ?, ?, ?, ?, ?, default)
>> Complaint Saved Successfully! ID: 6 | Category: Water
Hibernate: 
    insert 
    into
        complaint_events
        (complaint_id, message, status, timestamp, id) 
    values
        (?, ?, ?, ?, default)
Hibernate: 
    select
        c1_0.id,
        c1_0.ai_reasoning,
        c1_0.category,
        c1_0.city_zone,
        c1_0.complaint_text,
        c1_0.created_at,
        c1_0.department,
        c1_0.detected_language,
        c1_0.email,
        c1_0.external_vendor,
        c1_0.feedback,
        c1_0.image_data,
        c1_0.integrity_score,
        c1_0.isaiverified,
        c1_0.is_dispatched,
        c1_0.is_emergency,
        c1_0.is_system_alert,
        c1_0.is_viral_risk,
        c1_0.location,
        c1_0.mobile_number,
        c1_0.municipal_value,
        c1_0.name,
        c1_0.priority_score,
        c1_0.rating,
        c1_0.status,
        c1_0.support_count,
        c1_0.translated_text,
        c1_0.updated_at,
        c1_0.user_id 
    from
        complaints c1_0 
    where
        c1_0.email=?
Hibernate: 
    select
        h1_0.complaint_id,
        h1_0.id,
        h1_0.message,
        h1_0.status,
        h1_0.timestamp 
    from
        complaint_events h1_0 
    where
        h1_0.complaint_id=? 
    order by
        h1_0.timestamp
Hibernate: 
    select
        c1_0.id,
        c1_0.ai_reasoning,
        c1_0.category,
        c1_0.city_zone,
        c1_0.complaint_text,
        c1_0.created_at,
        c1_0.department,
        c1_0.detected_language,
        c1_0.email,
        c1_0.external_vendor,
        c1_0.feedback,
        c1_0.image_data,
        c1_0.integrity_score,
        c1_0.isaiverified,
        c1_0.is_dispatched,
        c1_0.is_emergency,
        c1_0.is_system_alert,
        c1_0.is_viral_risk,
        c1_0.location,
        c1_0.mobile_number,
        c1_0.municipal_value,
        c1_0.name,
        c1_0.priority_score,
        c1_0.rating,
        c1_0.status,
        c1_0.support_count,
        c1_0.translated_text,
        c1_0.updated_at,
        c1_0.user_id 
    from
        complaints c1_0 
    where
        c1_0.email=?
Hibernate: 
    select
        c1_0.id,
        c1_0.ai_reasoning,
        c1_0.category,
        c1_0.city_zone,
        c1_0.complaint_text,
        c1_0.created_at,
        c1_0.department,
        c1_0.detected_language,
        c1_0.email,
        c1_0.external_vendor,
        c1_0.feedback,
        c1_0.image_data,
        c1_0.integrity_score,
        c1_0.isaiverified,
        c1_0.is_dispatched,
        c1_0.is_emergency,
        c1_0.is_system_alert,
        c1_0.is_viral_risk,
        c1_0.location,
        c1_0.mobile_number,
        c1_0.municipal_value,
        c1_0.name,
        c1_0.priority_score,
        c1_0.rating,
        c1_0.status,
        c1_0.support_count,
        c1_0.translated_text,
        c1_0.updated_at,
        c1_0.user_id 
    from
        complaints c1_0 
    where
        c1_0.email=?
Hibernate: 
    select
        h1_0.complaint_id,
        h1_0.id,
        h1_0.message,
        h1_0.status,
        h1_0.timestamp 
    from
        complaint_events h1_0 
    where
        h1_0.complaint_id=? 
    order by
        h1_0.timestamp
Hibernate: 
    select
        c1_0.id,
        c1_0.ai_reasoning,
        c1_0.category,
        c1_0.city_zone,
        c1_0.complaint_text,
        c1_0.created_at,
        c1_0.department,
        c1_0.detected_language,
        c1_0.email,
        c1_0.external_vendor,
        c1_0.feedback,
        c1_0.image_data,
        c1_0.integrity_score,
        c1_0.isaiverified,
        c1_0.is_dispatched,
        c1_0.is_emergency,
        c1_0.is_system_alert,
        c1_0.is_viral_risk,
        c1_0.location,
        c1_0.mobile_number,
        c1_0.municipal_value,
        c1_0.name,
        c1_0.priority_score,
        c1_0.rating,
        c1_0.status,
        c1_0.support_count,
        c1_0.translated_text,
        c1_0.updated_at,
        c1_0.user_id 
    from
        complaints c1_0 
    where
        c1_0.email=?
Hibernate: 
    select
        c1_0.id,
        c1_0.ai_reasoning,
        c1_0.category,
        c1_0.city_zone,
        c1_0.complaint_text,
        c1_0.created_at,
        c1_0.department,
        c1_0.detected_language,
        c1_0.email,
        c1_0.external_vendor,
        c1_0.feedback,
        c1_0.image_data,
        c1_0.integrity_score,
        c1_0.isaiverified,
        c1_0.is_dispatched,
        c1_0.is_emergency,
        c1_0.is_system_alert,
        c1_0.is_viral_risk,
        c1_0.location,
        c1_0.mobile_number,
        c1_0.municipal_value,
        c1_0.name,
        c1_0.priority_score,
        c1_0.rating,
        c1_0.status,
        c1_0.support_count,
        c1_0.translated_text,
        c1_0.updated_at,
        c1_0.user_id 
    from
        complaints c1_0
Hibernate: 
    select
        c1_0.id,
        c1_0.ai_reasoning,
        c1_0.category,
        c1_0.city_zone,
        c1_0.complaint_text,
        c1_0.created_at,
        c1_0.department,
        c1_0.detected_language,
        c1_0.email,
        c1_0.external_vendor,
        c1_0.feedback,
        c1_0.image_data,
        c1_0.integrity_score,
        c1_0.isaiverified,
        c1_0.is_dispatched,
        c1_0.is_emergency,
        c1_0.is_system_alert,
        c1_0.is_viral_risk,
        c1_0.location,
        c1_0.mobile_number,
        c1_0.municipal_value,
        c1_0.name,
        c1_0.priority_score,
        c1_0.rating,
        c1_0.status,
        c1_0.support_count,
        c1_0.translated_text,
        c1_0.updated_at,
        c1_0.user_id 
    from
        complaints c1_0
Hibernate: 
    select
        c1_0.id,
        c1_0.ai_reasoning,
        c1_0.category,
        c1_0.city_zone,
        c1_0.complaint_text,
        c1_0.created_at,
        c1_0.department,
        c1_0.detected_language,
        c1_0.email,
        c1_0.external_vendor,
        c1_0.feedback,
        c1_0.image_data,
        c1_0.integrity_score,
        c1_0.isaiverified,
        c1_0.is_dispatched,
        c1_0.is_emergency,
        c1_0.is_system_alert,
        c1_0.is_viral_risk,
        c1_0.location,
        c1_0.mobile_number,
        c1_0.municipal_value,
        c1_0.name,
        c1_0.priority_score,
        c1_0.rating,
        c1_0.status,
        c1_0.support_count,
        c1_0.translated_text,
        c1_0.updated_at,
        c1_0.user_id 
    from
        complaints c1_0
Hibernate: 
    select
        c1_0.id,
        c1_0.ai_reasoning,
        c1_0.category,
        c1_0.city_zone,
        c1_0.complaint_text,
        c1_0.created_at,
        c1_0.department,
        c1_0.detected_language,
        c1_0.email,
        c1_0.external_vendor,
        c1_0.feedback,
        c1_0.image_data,
        c1_0.integrity_score,
        c1_0.isaiverified,
        c1_0.is_dispatched,
        c1_0.is_emergency,
        c1_0.is_system_alert,
        c1_0.is_viral_risk,
        c1_0.location,
        c1_0.mobile_number,
        c1_0.municipal_value,
        c1_0.name,
        c1_0.priority_score,
        c1_0.rating,
        c1_0.status,
        c1_0.support_count,
        c1_0.translated_text,
        c1_0.updated_at,
        c1_0.user_id 
    from
        complaints c1_0
Hibernate: 
    select
        c1_0.id,
        c1_0.ai_reasoning,
        c1_0.category,
        c1_0.city_zone,
        c1_0.complaint_text,
        c1_0.created_at,
        c1_0.department,
        c1_0.detected_language,
        c1_0.email,
        c1_0.external_vendor,
        c1_0.feedback,
        c1_0.image_data,
        c1_0.integrity_score,
        c1_0.isaiverified,
        c1_0.is_dispatched,
        c1_0.is_emergency,
        c1_0.is_system_alert,
        c1_0.is_viral_risk,
        c1_0.location,
        c1_0.mobile_number,
        c1_0.municipal_value,
        c1_0.name,
        c1_0.priority_score,
        c1_0.rating,
        c1_0.status,
        c1_0.support_count,
        c1_0.translated_text,
        c1_0.updated_at,
        c1_0.user_id 
    from
        complaints c1_0
Hibernate: 
    select
        h1_0.complaint_id,
        h1_0.id,
        h1_0.message,
        h1_0.status,
        h1_0.timestamp 
    from
        complaint_events h1_0 
    where
        h1_0.complaint_id=? 
    order by
        h1_0.timestamp
Hibernate: 
    select
        h1_0.complaint_id,
        h1_0.id,
        h1_0.message,
        h1_0.status,
        h1_0.timestamp 
    from
        complaint_events h1_0 
    where
        h1_0.complaint_id=? 
    order by
        h1_0.timestamp
Hibernate: 
    select
        h1_0.complaint_id,
        h1_0.id,
        h1_0.message,
        h1_0.status,
        h1_0.timestamp 
    from
        complaint_events h1_0 
    where
        h1_0.complaint_id=? 
    order by
        h1_0.timestamp
Hibernate: 
    select
        h1_0.complaint_id,
        h1_0.id,
        h1_0.message,
        h1_0.status,
        h1_0.timestamp 
    from
        complaint_events h1_0 
    where
        h1_0.complaint_id=? 
    order by
        h1_0.timestamp
Hibernate: 
    select
        h1_0.complaint_id,
        h1_0.id,
        h1_0.message,
        h1_0.status,
        h1_0.timestamp 
    from
        complaint_events h1_0 
    where
        h1_0.complaint_id=? 
    order by
        h1_0.timestamp
Hibernate: 
    select
        h1_0.complaint_id,
        h1_0.id,
        h1_0.message,
        h1_0.status,
        h1_0.timestamp 
    from
        complaint_events h1_0 
    where
        h1_0.complaint_id=? 
    order by
        h1_0.timestamp
Hibernate: 
    select
        c1_0.id,
        c1_0.ai_reasoning,
        c1_0.category,
        c1_0.city_zone,
        c1_0.complaint_text,
        c1_0.created_at,
        c1_0.department,
        c1_0.detected_language,
        c1_0.email,
        c1_0.external_vendor,
        c1_0.feedback,
        c1_0.image_data,
        c1_0.integrity_score,
        c1_0.isaiverified,
        c1_0.is_dispatched,
        c1_0.is_emergency,
        c1_0.is_system_alert,
        c1_0.is_viral_risk,
        c1_0.location,
        c1_0.mobile_number,
        c1_0.municipal_value,
        c1_0.name,
        c1_0.priority_score,
        c1_0.rating,
        c1_0.status,
        c1_0.support_count,
        c1_0.translated_text,
        c1_0.updated_at,
        c1_0.user_id 
    from
        complaints c1_0
Hibernate: 
    select
        c1_0.id,
        c1_0.ai_reasoning,
        c1_0.category,
        c1_0.city_zone,
        c1_0.complaint_text,
        c1_0.created_at,
        c1_0.department,
        c1_0.detected_language,
        c1_0.email,
        c1_0.external_vendor,
        c1_0.feedback,
        c1_0.image_data,
        c1_0.integrity_score,
        c1_0.isaiverified,
        c1_0.is_dispatched,
        c1_0.is_emergency,
        c1_0.is_system_alert,
        c1_0.is_viral_risk,
        c1_0.location,
        c1_0.mobile_number,
        c1_0.municipal_value,
        c1_0.name,
        c1_0.priority_score,
        c1_0.rating,
        c1_0.status,
        c1_0.support_count,
        c1_0.translated_text,
        c1_0.updated_at,
        c1_0.user_id 
    from
        complaints c1_0
2026-04-02T01:34:08.837+05:30  WARN 19172 --- [0.0-8081-exec-2] com.complaint.system.service.AiService   : Hugging Face API HTTP 403 FORBIDDEN Error: This authentication method does not have sufficient permissions to call Inference Providers on behalf of user vamshika123
Hibernate: 
    select
        c1_0.id,
        c1_0.ai_reasoning,
        c1_0.category,
        c1_0.city_zone,
        c1_0.complaint_text,
        c1_0.created_at,
        c1_0.department,
        c1_0.detected_language,
        c1_0.email,
        c1_0.external_vendor,
        c1_0.feedback,
        c1_0.image_data,
        c1_0.integrity_score,
        c1_0.isaiverified,
        c1_0.is_dispatched,
        c1_0.is_emergency,
        c1_0.is_system_alert,
        c1_0.is_viral_risk,
        c1_0.location,
        c1_0.mobile_number,
        c1_0.municipal_value,
        c1_0.name,
        c1_0.priority_score,
        c1_0.rating,
        c1_0.status,
        c1_0.support_count,
        c1_0.translated_text,
        c1_0.updated_at,
        c1_0.user_id 
    from
        complaints c1_0 
    where
        c1_0.id=?
2026-04-02T01:34:27.288+05:30  WARN 19172 --- [0.0-8081-exec-3] com.complaint.system.service.AiService   : Hugging Face API HTTP 403 FORBIDDEN Error: This authentication method does not have sufficient permissions to call Inference Providers on behalf of user vamshika123
