C:\Users\vamsh\OneDrive\Desktop\complaint\backend\src\main\java\com\complaint\system\repository\ComplaintEventRepository.java
C:\Users\vamsh\OneDrive\Desktop\complaint\backend\src\main\java\com\complaint\system\entity\Complaint.java
C:\Users\vamsh\OneDrive\Desktop\complaint\backend\src\main\java\com\complaint\system\ComplaintSystemApplication.java
C:\Users\vamsh\OneDrive\Desktop\complaint\backend\src\main\java\com\complaint\system\config\CorsConfig.java
C:\Users\vamsh\OneDrive\Desktop\complaint\backend\src\main\java\com\complaint\system\entity\User.java
C:\Users\vamsh\OneDrive\Desktop\complaint\backend\src\main\java\com\complaint\system\service\UserService.java
C:\Users\vamsh\OneDrive\Desktop\complaint\backend\src\main\java\com\complaint\system\service\AiService.java
C:\Users\vamsh\OneDrive\Desktop\complaint\backend\src\main\java\com\complaint\system\controller\UserController.java
C:\Users\vamsh\OneDrive\Desktop\complaint\backend\src\main\java\com\complaint\system\repository\ComplaintRepository.java
C:\Users\vamsh\OneDrive\Desktop\complaint\backend\src\main\java\com\complaint\system\controller\ComplaintController.java
C:\Users\vamsh\OneDrive\Desktop\complaint\backend\src\main\java\com\complaint\system\entity\ComplaintEvent.java
C:\Users\vamsh\OneDrive\Desktop\complaint\backend\src\main\java\com\complaint\system\repository\UserRepository.java
C:\Users\vamsh\OneDrive\Desktop\complaint\backend\src\main\java\com\complaint\system\service\ComplaintService.java
C:\Users\vamsh\OneDrive\Desktop\complaint\backend\src\main\java\com\complaint\system\config\DataInitializer.java
